Testing to make sure no syntax errors persist in Campaigns.tsx
